[05:22:52] === flatforest_2robot_lidar.yaml: 2-robot (atlas bestla) lidar explore+exploit, RViz=0 gui=0 ===
[05:22:52] ROS_DOMAIN_ID=42  (export the same value to inspect by hand)
[05:22:52] IGN_PARTITION unset  (teardown matches stack processes MACHINE-WIDE; safe only if this is the only cell running)
[05:22:52] targets: /cam/targets/targets_rep1.yaml
[05:22:52] outputs: /runs/cam_pilot/rep1
[05:22:52] started sim pid=156  (log: /runs/cam_pilot/rep1/sim.log)
[05:23:01] sim publishing atlas odom
[05:23:03] sim publishing bestla odom
[05:23:03] started tf_atlas pid=325  (log: /runs/cam_pilot/rep1/tf_atlas.log)
[05:23:03] started tf_bestla pid=327  (log: /runs/cam_pilot/rep1/tf_bestla.log)
[05:23:03] started rsp_atlas pid=331  (log: /runs/cam_pilot/rep1/rsp_atlas.log)
[05:23:03] started rsp_bestla pid=335  (log: /runs/cam_pilot/rep1/rsp_bestla.log)
[05:23:03] peer_bin_topic_pattern=/{peer}/scovox_node/scovox_bin (COMMS=0)
[05:23:03] started nav_atlas pid=342  (log: /runs/cam_pilot/rep1/nav_atlas.log)
[05:23:03] started nav_bestla pid=348  (log: /runs/cam_pilot/rep1/nav_bestla.log)
[05:23:18] atlas mapping alive (planning_map publishing)
[05:23:21] atlas scovox global_planning_map alive (75.0m @ 0.40m/cell)
[05:23:24] atlas fused global_planning_map alive (planner reads this one)
[05:23:26] bestla mapping alive (planning_map publishing)
[05:23:28] bestla scovox global_planning_map alive (75.0m @ 0.40m/cell)
[05:23:30] bestla fused global_planning_map alive (planner reads this one)
[05:23:40] started targetviz pid=709  (log: /runs/cam_pilot/rep1/targetviz.log)
[05:23:40] started camcount pid=714  (log: /runs/cam_pilot/rep1/cam_counter.log)
[05:23:40] recording rosbag (RECORD=2, 8 base topics + comms)
[05:23:40] started bag pid=717  (log: /runs/cam_pilot/rep1/bag.log)
[05:23:43] done_seek_enabled=false done_seek_max_sec=600.0 (DONE_SEEK=0)
[05:23:43] mission_return_enabled=false home_tol=1.0m max=600.0s (MISSION_RETURN=0)
[05:23:43] candidate_enable_polar=false (FRONTIER_ONLY=1)
[05:23:43] proximity_hold/resume_dist_m=1.5/2.5 m (yaml field defaults 5.0/6.0 overridden for sim)
[05:23:43] cell world OFF (CELL_WORLD=0) — no cell params passed, planner is the pre-M-TARE binary at defaults
[05:23:43] team world exchange OFF (TEAM_WORLD=0) — no team_world params passed; the cell world is per-robot and never shared
[05:23:43] separation term OFF (SEPARATION_WEIGHT=0) — and with TEAM_WORLD=0 there are no peer positions to measure against, so sep_peer_dist_m stays -1 and sep_eligible_peers 0 for the whole cell. Those are structural zeros, NOT a measurement that the robots stayed apart; this cell is not an untreated counterfactual for a separation campaign
[05:23:43] global allocator OFF (GLOBAL_ALLOC=0) — no allocation event, candidate ordering is the per-robot utility alone
[05:23:43] allocator peer-position TTL: not requested (node default 0 = unbounded) — a latched peer pose holds its cells for the rest of the run however old it gets, which is every campaign through sr3
[05:23:43] reconnect gate = silence (planner default) — the mid-run clock decides alone; no reconnect_gate param passed
[05:23:43] scheduled rendezvous OFF (RENDEZVOUS_SCHEDULE=0) — no rendezvous_schedule_enable param passed, so no appointment is ever armed and there is NO fallback destination (the midpoint drives are gone). Only reconnect_mode=pursuit and the off arm are legal here; rendezvous/hybrid are refused above
[05:23:43] pursuit predictor = trail (planner default) — no pursuit_predictor param passed; the chase drives the peer's last known goal then its last known pose
[05:23:43] exploitation_enabled=true (EXPLOIT=1)
[05:23:43] exploit_dwell_sync_enabled=true (DWELL_SYNC=1)
[05:23:43] reconnect_mode=hybrid reconnect_enabled=false (RECONNECT_MODE=off)
[05:23:43] reconnect gates: confirm=3.0s barrier_max_wait=600.0s
[05:23:43] roi x,y = [-25.0, 25.0] (sim override; yaml carries the field site's ROI)
[05:23:43] planning_map = /<r>/dscovox_node/global_planning_map (FUSED team map, 75.0m @ 0.40m/cell), done_coverage_source=coverage_map
[05:23:46] run manifest written: /runs/cam_pilot/rep1/run_manifest.txt
[05:23:46] started planner_atlas pid=875  (log: /runs/cam_pilot/rep1/planner_atlas.log)
[05:23:46] started planner_bestla pid=880  (log: /runs/cam_pilot/rep1/planner_bestla.log)
[05:23:46] RELEASE_ON_DONE=1 — target_scheduler held until every planner is DONE (3 targets, release [0.0,0.0,0.0])
[05:23:54] planners up (exactly 2 explo_planner_node)
[05:23:56] sim t0=27 — targets release at +120 / +420 / +720 s of the SCHEDULER's clock
[05:23:56] will stop at t_sim=2427
[05:23:56] WARNING: hang gate is INERT — needs 2400 sim-s of frozen steps but DURATION_S=2400 ends the run first. A hung planner will run to the censoring horizon instead of aborting early.
[05:25:04] HB t_sim=61 steps(atlas/bestla)=0/0 complete=0/0
[05:27:24] HB t_sim=124 steps(atlas/bestla)=2/3 complete=0/0
[05:29:47] HB t_sim=186 steps(atlas/bestla)=5/6 complete=0/0
[05:32:35] HB t_sim=246 steps(atlas/bestla)=8/8 complete=0/0
[05:35:25] HB t_sim=306 steps(atlas/bestla)=11/11 complete=0/0
[05:37:38] explore-done cue: every planner DONE at t_sim=351 (t_rel=324 s) — releasing targets
[05:37:38] started sched pid=2797  (log: /runs/cam_pilot/rep1/sched.log)
[05:38:08] a planner left DONE after the cue at t_sim=361 — exploiting
[05:38:23] HB t_sim=366 steps(atlas/bestla)=12/12 complete=0/0
[05:41:31] HB t_sim=429 steps(atlas/bestla)=12/12 complete=0/0
[05:44:22] HB t_sim=489 steps(atlas/bestla)=12/12 complete=0/0
[05:44:22] WARNING no step progress for 120 sim-s
[05:47:11] HB t_sim=551 steps(atlas/bestla)=12/12 complete=1/1
[05:47:11] WARNING no step progress for 180 sim-s
[05:50:04] HB t_sim=617 steps(atlas/bestla)=12/12 complete=1/1
[05:50:04] WARNING no step progress for 240 sim-s
[05:52:24] HB t_sim=677 steps(atlas/bestla)=12/12 complete=1/1
[05:52:24] WARNING no step progress for 300 sim-s
[05:54:48] HB t_sim=741 steps(atlas/bestla)=12/12 complete=1/1
[05:54:48] WARNING no step progress for 360 sim-s
[05:57:24] HB t_sim=805 steps(atlas/bestla)=12/12 complete=1/1
[05:57:24] WARNING no step progress for 420 sim-s
[05:59:47] HB t_sim=865 steps(atlas/bestla)=12/12 complete=2/2
[05:59:47] WARNING no step progress for 480 sim-s
[06:02:08] HB t_sim=927 steps(atlas/bestla)=12/12 complete=2/2
[06:02:08] WARNING no step progress for 540 sim-s
[06:04:31] HB t_sim=991 steps(atlas/bestla)=12/12 complete=2/2
[06:04:31] WARNING no step progress for 600 sim-s
[06:07:08] HB t_sim=1056 steps(atlas/bestla)=12/12 complete=2/2
[06:07:08] WARNING no step progress for 660 sim-s
[06:09:47] HB t_sim=1121 steps(atlas/bestla)=12/12 complete=2/2
[06:09:47] WARNING no step progress for 720 sim-s
[06:12:25] HB t_sim=1187 steps(atlas/bestla)=12/12 complete=2/2
[06:12:25] WARNING no step progress for 780 sim-s
[06:15:02] HB t_sim=1250 steps(atlas/bestla)=12/12 complete=2/2
[06:15:02] WARNING no step progress for 840 sim-s
[06:17:23] HB t_sim=1311 steps(atlas/bestla)=12/12 complete=2/2
[06:17:23] WARNING no step progress for 900 sim-s
[06:18:01] all planners DONE at t_sim=1326 — holding 30s for backlog drain
[06:19:20] run complete: every planner DONE (makespan t_sim=1299 s)
[06:19:20] run ended at t_sim=+1329s (all_done)
[06:19:20] teardown: SIGINT to process groups in reverse order
[06:19:21] stopped sched
[06:19:22] stopped planner_bestla
[06:19:23] stopped planner_atlas
[06:19:34] stopped bag
[06:19:36] stopped camcount
[06:19:37] stopped targetviz
[06:19:38] stopped nav_bestla
[06:19:39] stopped nav_atlas
[06:19:40] stopped rsp_bestla
[06:19:41] stopped rsp_atlas
[06:19:42] stopped tf_bestla
[06:19:43] stopped tf_atlas
[06:19:44] stopped sim
[06:19:46] teardown complete — outputs in /runs/cam_pilot/rep1
