[start] off_rep1 2026-09-23T06:29:30+01:00
[done ] off_rep1 rc=0 2026-09-23T06:31:50+01:00
[start] on_rep1 2026-09-23T06:31:50+01:00
[done ] on_rep1 rc=0 2026-09-23T06:34:15+01:00
[start] off_rep2 2026-09-23T06:34:15+01:00
[start] on_rep4 2026-09-23T06:35:43+01:00
[done ] off_rep2 rc=0 2026-09-23T06:36:40+01:00
[start] on_rep2 2026-09-23T06:36:40+01:00
[done ] on_rep4 rc=0 2026-09-23T06:38:21+01:00
[start] off_rep3 2026-09-23T06:38:21+01:00
[done ] on_rep2 rc=0 2026-09-23T06:39:14+01:00
[start] on_rep3 2026-09-23T06:39:14+01:00
[done ] off_rep3 rc=0 2026-09-23T06:40:55+01:00
[done ] on_rep3 rc=0 2026-09-23T06:41:50+01:00
[start] off_rep4 2026-09-23T06:41:50+01:00
[done ] off_rep4 rc=0 2026-09-23T06:44:12+01:00
[start] off_rep5 2026-09-23T06:44:12+01:00
[done ] off_rep5 rc=0 2026-09-23T06:46:34+01:00
[start] on_rep5 2026-09-23T06:46:34+01:00
[done ] on_rep5 rc=0 2026-09-23T06:48:53+01:00
[start] pilot_fine/off 2026-09-23T06:48:53+01:00
[done ] pilot_fine/off rc=0 2026-09-23T06:48:58+01:00
[start] pilot_fine/on 2026-09-23T06:48:58+01:00
[done ] pilot_fine/on rc=0 2026-09-23T06:49:11+01:00
[start] pilot_fine/noisy_off 2026-09-23T06:49:11+01:00
[done ] pilot_fine/noisy_off rc=0 2026-09-23T06:49:17+01:00
[start] pilot_fine/noisy_on 2026-09-23T06:49:17+01:00
[done ] pilot_fine/noisy_on rc=0 2026-09-23T06:49:38+01:00
